// Jest Snapshot v1, https://goo.gl/fbAQLP

exports[`DemoBanner component snapshots does not render if disabled flag is missing 1`] = `""`;

exports[`DemoBanner component snapshots snapshot: disabled flag is present 1`] = `
<Component>
  <FormattedMessage
    defaultMessage="You are using a demo mode of the new ORA Staff Grading Experience!"
    description="Inform user for using demo mod for ORA Staff Grading Experiences"
    id="ora-grading.DemoBanner.demoBannerMessage"
  />
</Component>
`;
